0 verbose cli /opt/homebrew/Cellar/node/25.2.1/bin/node /opt/homebrew/bin/npm
1 info using npm@11.6.2
2 info using node@v25.2.1
3 silly config load:file:/opt/homebrew/lib/node_modules/npm/npmrc
4 silly config load:file:/Users/vyas/code/parking-map/parking-map-ui/.npmrc
5 silly config load:file:/Users/vyas/.npmrc
6 silly config load:file:/opt/homebrew/etc/npmrc
7 verbose title npm install @types/google.maps
8 verbose argv "install" "--save-dev" "@types/google.maps"
9 verbose logfile logs-max:10 dir:/Users/vyas/code/parking-map/.npm-cache/_logs/2025-12-09T16_45_41_960Z-
10 verbose logfile /Users/vyas/code/parking-map/.npm-cache/_logs/2025-12-09T16_45_41_960Z-debug-0.log
11 silly logfile done cleaning log files
12 silly packumentCache heap:4496293888 maxSize:1124073472 maxEntrySize:562036736
13 silly idealTree buildDeps
14 silly fetch manifest @types/google.maps@*
15 silly packumentCache full:https://registry.npmjs.org/@types%2fgoogle.maps cache-miss
16 http cache https://registry.npmjs.org/@types%2fgoogle.maps 8ms (cache hit)
17 silly packumentCache full:https://registry.npmjs.org/@types%2fgoogle.maps set size:179892 disposed:false
18 silly placeDep ROOT @types/google.maps@3.58.1 REPLACE for: parking-map-ui@0.1.0 want: *
19 silly reify moves {}
20 silly audit bulk request {
20 silly audit   '@alloc/quick-lru': [ '5.2.0' ],
20 silly audit   '@emnapi/runtime': [ '1.5.0' ],
20 silly audit   '@googlemaps/js-api-loader': [ '1.16.8' ],
20 silly audit   '@googlemaps/markerclusterer': [ '2.5.3' ],
20 silly audit   '@img/colour': [ '1.0.0' ],
20 silly audit   '@img/sharp-darwin-arm64': [ '0.34.4' ],
20 silly audit   '@img/sharp-darwin-x64': [ '0.34.4' ],
20 silly audit   '@img/sharp-libvips-darwin-arm64': [ '1.2.3' ],
20 silly audit   '@img/sharp-libvips-darwin-x64': [ '1.2.3' ],
20 silly audit   '@img/sharp-libvips-linux-arm': [ '1.2.3' ],
20 silly audit   '@img/sharp-libvips-linux-arm64': [ '1.2.3' ],
20 silly audit   '@img/sharp-libvips-linux-ppc64': [ '1.2.3' ],
20 silly audit   '@img/sharp-libvips-linux-s390x': [ '1.2.3' ],
20 silly audit   '@img/sharp-libvips-linux-x64': [ '1.2.3' ],
20 silly audit   '@img/sharp-libvips-linuxmusl-arm64': [ '1.2.3' ],
20 silly audit   '@img/sharp-libvips-linuxmusl-x64': [ '1.2.3' ],
20 silly audit   '@img/sharp-linux-arm': [ '0.34.4' ],
20 silly audit   '@img/sharp-linux-arm64': [ '0.34.4' ],
20 silly audit   '@img/sharp-linux-ppc64': [ '0.34.4' ],
20 silly audit   '@img/sharp-linux-s390x': [ '0.34.4' ],
20 silly audit   '@img/sharp-linux-x64': [ '0.34.4' ],
20 silly audit   '@img/sharp-linuxmusl-arm64': [ '0.34.4' ],
20 silly audit   '@img/sharp-linuxmusl-x64': [ '0.34.4' ],
20 silly audit   '@img/sharp-wasm32': [ '0.34.4' ],
20 silly audit   '@img/sharp-win32-arm64': [ '0.34.4' ],
20 silly audit   '@img/sharp-win32-ia32': [ '0.34.4' ],
20 silly audit   '@img/sharp-win32-x64': [ '0.34.4' ],
20 silly audit   '@isaacs/fs-minipass': [ '4.0.1' ],
20 silly audit   '@jridgewell/gen-mapping': [ '0.3.13' ],
20 silly audit   '@jridgewell/remapping': [ '2.3.5' ],
20 silly audit   '@jridgewell/resolve-uri': [ '3.1.2' ],
20 silly audit   '@jridgewell/sourcemap-codec': [ '1.5.5' ],
20 silly audit   '@jridgewell/trace-mapping': [ '0.3.31' ],
20 silly audit   '@next/env': [ '15.5.4' ],
20 silly audit   '@next/swc-darwin-arm64': [ '15.5.4' ],
20 silly audit   '@next/swc-darwin-x64': [ '15.5.4' ],
20 silly audit   '@next/swc-linux-arm64-gnu': [ '15.5.4' ],
20 silly audit   '@next/swc-linux-arm64-musl': [ '15.5.4' ],
20 silly audit   '@next/swc-linux-x64-gnu': [ '15.5.4' ],
20 silly audit   '@next/swc-linux-x64-musl': [ '15.5.4' ],
20 silly audit   '@next/swc-win32-arm64-msvc': [ '15.5.4' ],
20 silly audit   '@next/swc-win32-x64-msvc': [ '15.5.4' ],
20 silly audit   '@react-google-maps/api': [ '2.20.7' ],
20 silly audit   '@react-google-maps/infobox': [ '2.20.0' ],
20 silly audit   '@react-google-maps/marker-clusterer': [ '2.20.0' ],
20 silly audit   '@react-leaflet/core': [ '3.0.0' ],
20 silly audit   '@swc/helpers': [ '0.5.15' ],
20 silly audit   '@tailwindcss/node': [ '4.1.14' ],
20 silly audit   '@tailwindcss/oxide': [ '4.1.14' ],
20 silly audit   '@tailwindcss/oxide-android-arm64': [ '4.1.14' ],
20 silly audit   '@tailwindcss/oxide-darwin-arm64': [ '4.1.14' ],
20 silly audit   '@tailwindcss/oxide-darwin-x64': [ '4.1.14' ],
20 silly audit   '@tailwindcss/oxide-freebsd-x64': [ '4.1.14' ],
20 silly audit   '@tailwindcss/oxide-linux-arm-gnueabihf': [ '4.1.14' ],
20 silly audit   '@tailwindcss/oxide-linux-arm64-gnu': [ '4.1.14' ],
20 silly audit   '@tailwindcss/oxide-linux-arm64-musl': [ '4.1.14' ],
20 silly audit   '@tailwindcss/oxide-linux-x64-gnu': [ '4.1.14' ],
20 silly audit   '@tailwindcss/oxide-linux-x64-musl': [ '4.1.14' ],
20 silly audit   '@tailwindcss/oxide-wasm32-wasi': [ '4.1.14' ],
20 silly audit   '@tailwindcss/oxide-win32-arm64-msvc': [ '4.1.14' ],
20 silly audit   '@tailwindcss/oxide-win32-x64-msvc': [ '4.1.14' ],
20 silly audit   '@tailwindcss/postcss': [ '4.1.14' ],
20 silly audit   '@types/geojson': [ '7946.0.16' ],
20 silly audit   '@types/leaflet': [ '1.9.21' ],
20 silly audit   '@types/node': [ '20.19.21' ],
20 silly audit   '@types/react': [ '19.2.2' ],
20 silly audit   '@types/react-dom': [ '19.2.1' ],
20 silly audit   'caniuse-lite': [ '1.0.30001749' ],
20 silly audit   chownr: [ '3.0.0' ],
20 silly audit   'client-only': [ '0.0.1' ],
20 silly audit   csstype: [ '3.1.3' ],
20 silly audit   'detect-libc': [ '2.1.2' ],
20 silly audit   'enhanced-resolve': [ '5.18.3' ],
20 silly audit   'fast-deep-equal': [ '3.1.3' ],
20 silly audit   'graceful-fs': [ '4.2.11' ],
20 silly audit   invariant: [ '2.2.4' ],
20 silly audit   jiti: [ '2.6.1' ],
20 silly audit   'js-tokens': [ '4.0.0' ],
20 silly audit   kdbush: [ '4.0.2' ],
20 silly audit   leaflet: [ '1.9.4' ],
20 silly audit   lightningcss: [ '1.30.1' ],
20 silly audit   'lightningcss-darwin-arm64': [ '1.30.1' ],
20 silly audit   'lightningcss-darwin-x64': [ '1.30.1' ],
20 silly audit   'lightningcss-freebsd-x64': [ '1.30.1' ],
20 silly audit   'lightningcss-linux-arm-gnueabihf': [ '1.30.1' ],
20 silly audit   'lightningcss-linux-arm64-gnu': [ '1.30.1' ],
20 silly audit   'lightningcss-linux-arm64-musl': [ '1.30.1' ],
20 silly audit   'lightningcss-linux-x64-gnu': [ '1.30.1' ],
20 silly audit   'lightningcss-linux-x64-musl': [ '1.30.1' ],
20 silly audit   'lightningcss-win32-arm64-msvc': [ '1.30.1' ],
20 silly audit   'lightningcss-win32-x64-msvc': [ '1.30.1' ],
20 silly audit   'loose-envify': [ '1.4.0' ],
20 silly audit   'magic-string': [ '0.30.19' ],
20 silly audit   minipass: [ '7.1.2' ],
20 silly audit   minizlib: [ '3.1.0' ],
20 silly audit   nanoid: [ '3.3.11' ],
20 silly audit   next: [ '15.5.4' ],
20 silly audit   postcss: [ '8.4.31', '8.5.6' ],
20 silly audit   picocolors: [ '1.1.1' ],
20 silly audit   react: [ '19.1.0' ],
20 silly audit   'react-dom': [ '19.1.0' ],
20 silly audit   'react-leaflet': [ '5.0.0' ],
20 silly audit   scheduler: [ '0.26.0' ],
20 silly audit   semver: [ '7.7.3' ],
20 silly audit   sharp: [ '0.34.4' ],
20 silly audit   'source-map-js': [ '1.2.1' ],
20 silly audit   'styled-jsx': [ '5.1.6' ],
20 silly audit   supercluster: [ '8.0.1' ],
20 silly audit   tailwindcss: [ '4.1.14' ],
20 silly audit   tapable: [ '2.3.0' ],
20 silly audit   tar: [ '7.5.1' ],
20 silly audit   tslib: [ '2.8.1' ],
20 silly audit   typescript: [ '5.9.3' ],
20 silly audit   'undici-types': [ '6.21.0' ],
20 silly audit   yallist: [ '5.0.0' ],
20 silly audit   '@types/google.maps': [ '3.58.1' ]
20 silly audit }
21 http fetch POST 200 https://registry.npmjs.org/-/npm/v1/security/advisories/bulk 209ms
22 silly audit report {
22 silly audit report   next: [
22 silly audit report     {
22 silly audit report       id: 1111275,
22 silly audit report       url: 'https://github.com/advisories/GHSA-9qr9-h5gf-34mp',
22 silly audit report       title: 'Next.js is vulnerable to RCE in React flight protocol',
22 silly audit report       severity: 'critical',
22 silly audit report       vulnerable_versions: '>=15.5.0-canary.0 <15.5.7',
22 silly audit report       cwe: [Array],
22 silly audit report       cvss: [Object]
22 silly audit report     }
22 silly audit report   ],
22 silly audit report   tar: [
22 silly audit report     {
22 silly audit report       id: 1109463,
22 silly audit report       url: 'https://github.com/advisories/GHSA-29xp-372q-xqph',
22 silly audit report       title: 'node-tar has a race condition leading to uninitialized memory exposure',
22 silly audit report       severity: 'moderate',
22 silly audit report       vulnerable_versions: '=7.5.1',
22 silly audit report       cwe: [Array],
22 silly audit report       cvss: [Object]
22 silly audit report     }
22 silly audit report   ]
22 silly audit report }
23 silly packumentCache corgi:https://registry.npmjs.org/next cache-miss
24 silly packumentCache corgi:https://registry.npmjs.org/tar cache-miss
25 http cache https://registry.npmjs.org/tar 4ms (cache hit)
26 silly packumentCache corgi:https://registry.npmjs.org/tar set size:160112 disposed:false
27 http cache https://registry.npmjs.org/next 30ms (cache hit)
28 silly packumentCache corgi:https://registry.npmjs.org/next set size:22783932 disposed:false
29 silly packumentCache corgi:https://registry.npmjs.org/@tailwindcss%2foxide cache-miss
30 http cache https://registry.npmjs.org/@tailwindcss%2foxide 9ms (cache hit)
31 silly packumentCache corgi:https://registry.npmjs.org/@tailwindcss%2foxide set size:1954078 disposed:false
32 verbose cwd /Users/vyas/code/parking-map/parking-map-ui
33 verbose os Darwin 24.6.0
34 verbose node v25.2.1
35 verbose npm  v11.6.2
36 verbose exit 0
37 info ok
